---
source: test/src/snapshot/mod.rs
---
> forc test --path test/src/e2e_vm_tests/test_programs/should_pass/test_contracts/const_of_contract_call --release
exit status: 0
output:
    Building test/src/e2e_vm_tests/test_programs/should_pass/test_contracts/const_of_contract_call
   Compiling library std (test/src/e2e_vm_tests/reduced_std_libs/sway-lib-std-vec)
   Compiling contract const_of_contract_call (test/src/e2e_vm_tests/test_programs/should_pass/test_contracts/const_of_contract_call)
    Finished release [optimized + fuel] target(s) [19.408 KB] in ???
     Running 33 tests, filtered 0 tests

tested -- const_of_contract_call

      test cost_of_in_bool ... ok (???, 1736 gas)
      test cost_of_in_u8 ... ok (???, 1704 gas)
      test cost_of_in_u16 ... ok (???, 1779 gas)
      test cost_of_in_u32 ... ok (???, 1888 gas)
      test cost_of_in_u64 ... ok (???, 1522 gas)
      test cost_of_in_u256 ... ok (???, 1603 gas)
      test cost_of_in_b256 ... ok (???, 1593 gas)
      test cost_of_in_str_0 ... ok (???, 1890 gas)
      test cost_of_in_str_1 ... ok (???, 2007 gas)
      test cost_of_in_str_8 ... ok (???, 2014 gas)
      test cost_of_in_str_16 ... ok (???, 2011 gas)
      test cost_of_in_str_32 ... ok (???, 2021 gas)
      test cost_of_in_array_0 ... ok (???, 1550 gas)
      test cost_of_in_array_1 ... ok (???, 1602 gas)
      test cost_of_in_array_8 ... ok (???, 2110 gas)
      test cost_of_in_array_16 ... ok (???, 1642 gas)
      test cost_of_in_array_32 ... ok (???, 1691 gas)
      test cost_of_in_array_64 ... ok (???, 1784 gas)
      test cost_of_in_tuple_0 ... ok (???, 1520 gas)
      test cost_of_in_tuple_1 ... ok (???, 1637 gas)
      test cost_of_in_tuple_2 ... ok (???, 1655 gas)
      test cost_of_in_tuple_3 ... ok (???, 1663 gas)
      test cost_of_in_tuple_4 ... ok (???, 1650 gas)
      test in_struct_u64 ... ok (???, 1625 gas)
      test in_struct_u64_u64 ... ok (???, 1650 gas)
      test in_struct_u64_u64_u64 ... ok (???, 1666 gas)
      test in_enum_u64 ... ok (???, 1621 gas)
      test in_enum_u64_u64 ... ok (???, 1623 gas)
      test in_enum_u64_u64_u64 ... ok (???, 1636 gas)
      test in_vec_trivial ... ok (???, 2669 gas)
      test in_vec_not_trivial ... ok (???, 5868 gas)
      test order_args_without_trivial_enum ... ok (???, 3049 gas)
      test order_args_with_trivial_enum ... ok (???, 3213 gas)

test result: OK. 33 passed; 0 failed; finished in ???

    Finished in ???

> Block: ARRAY0
> replace-file src/main.sw "fn cost_of_in" "fn isolated_cost_of_in"

> forc test --path test/src/e2e_vm_tests/test_programs/should_pass/test_contracts/const_of_contract_call --release
exit status: 0
output:
    Building test/src/e2e_vm_tests/test_programs/should_pass/test_contracts/const_of_contract_call
   Compiling library std (test/src/e2e_vm_tests/reduced_std_libs/sway-lib-std-vec)
   Compiling contract const_of_contract_call (test/src/e2e_vm_tests/test_programs/should_pass/test_contracts/const_of_contract_call)
    Finished release [optimized + fuel] target(s) [552 B] in ???
     Running 1 test, filtered 0 tests

tested -- const_of_contract_call

      test isolated_cost_of_in_array_0 ... ok (???, 1378 gas)

test result: OK. 1 passed; 0 failed; finished in ???

    Finished in ???

> Block: ARRAY1
> replace-file src/main.sw "fn cost_of_in" "fn isolated_cost_of_in"

> forc test --path test/src/e2e_vm_tests/test_programs/should_pass/test_contracts/const_of_contract_call --release
exit status: 0
output:
    Building test/src/e2e_vm_tests/test_programs/should_pass/test_contracts/const_of_contract_call
   Compiling library std (test/src/e2e_vm_tests/reduced_std_libs/sway-lib-std-vec)
   Compiling contract const_of_contract_call (test/src/e2e_vm_tests/test_programs/should_pass/test_contracts/const_of_contract_call)
    Finished release [optimized + fuel] target(s) [624 B] in ???
     Running 1 test, filtered 0 tests

tested -- const_of_contract_call

      test isolated_cost_of_in_array_1 ... ok (???, 1425 gas)

test result: OK. 1 passed; 0 failed; finished in ???

    Finished in ???

> Block: ARRAY16
> replace-file src/main.sw "fn cost_of_in" "fn isolated_cost_of_in"

> forc test --path test/src/e2e_vm_tests/test_programs/should_pass/test_contracts/const_of_contract_call --release
exit status: 0
output:
    Building test/src/e2e_vm_tests/test_programs/should_pass/test_contracts/const_of_contract_call
   Compiling library std (test/src/e2e_vm_tests/reduced_std_libs/sway-lib-std-vec)
   Compiling contract const_of_contract_call (test/src/e2e_vm_tests/test_programs/should_pass/test_contracts/const_of_contract_call)
    Finished release [optimized + fuel] target(s) [624 B] in ???
     Running 1 test, filtered 0 tests

tested -- const_of_contract_call

      test isolated_cost_of_in_array_16 ... ok (???, 1466 gas)

test result: OK. 1 passed; 0 failed; finished in ???

    Finished in ???

> Block: ARRAY32
> replace-file src/main.sw "fn cost_of_in" "fn isolated_cost_of_in"

> forc test --path test/src/e2e_vm_tests/test_programs/should_pass/test_contracts/const_of_contract_call --release
exit status: 0
output:
    Building test/src/e2e_vm_tests/test_programs/should_pass/test_contracts/const_of_contract_call
   Compiling library std (test/src/e2e_vm_tests/reduced_std_libs/sway-lib-std-vec)
   Compiling contract const_of_contract_call (test/src/e2e_vm_tests/test_programs/should_pass/test_contracts/const_of_contract_call)
    Finished release [optimized + fuel] target(s) [624 B] in ???
     Running 1 test, filtered 0 tests

tested -- const_of_contract_call

      test isolated_cost_of_in_array_32 ... ok (???, 1511 gas)

test result: OK. 1 passed; 0 failed; finished in ???

    Finished in ???

> Block: ARRAY64
> replace-file src/main.sw "fn cost_of_in" "fn isolated_cost_of_in"

> forc test --path test/src/e2e_vm_tests/test_programs/should_pass/test_contracts/const_of_contract_call --release
exit status: 0
output:
    Building test/src/e2e_vm_tests/test_programs/should_pass/test_contracts/const_of_contract_call
   Compiling library std (test/src/e2e_vm_tests/reduced_std_libs/sway-lib-std-vec)
   Compiling contract const_of_contract_call (test/src/e2e_vm_tests/test_programs/should_pass/test_contracts/const_of_contract_call)
    Finished release [optimized + fuel] target(s) [624 B] in ???
     Running 1 test, filtered 0 tests

tested -- const_of_contract_call

      test isolated_cost_of_in_array_64 ... ok (???, 1601 gas)

test result: OK. 1 passed; 0 failed; finished in ???

    Finished in ???

> Block: ARRAY8
> replace-file src/main.sw "fn cost_of_in" "fn isolated_cost_of_in"

> forc test --path test/src/e2e_vm_tests/test_programs/should_pass/test_contracts/const_of_contract_call --release
exit status: 0
output:
    Building test/src/e2e_vm_tests/test_programs/should_pass/test_contracts/const_of_contract_call
   Compiling library std (test/src/e2e_vm_tests/reduced_std_libs/sway-lib-std-vec)
   Compiling contract const_of_contract_call (test/src/e2e_vm_tests/test_programs/should_pass/test_contracts/const_of_contract_call)
    Finished release [optimized + fuel] target(s) [680 B] in ???
     Running 1 test, filtered 0 tests

tested -- const_of_contract_call

      test isolated_cost_of_in_array_8 ... ok (???, 1928 gas)

test result: OK. 1 passed; 0 failed; finished in ???

    Finished in ???

> Block: B256
> replace-file src/main.sw "fn cost_of_in" "fn isolated_cost_of_in"

> forc test --path test/src/e2e_vm_tests/test_programs/should_pass/test_contracts/const_of_contract_call --release
exit status: 0
output:
    Building test/src/e2e_vm_tests/test_programs/should_pass/test_contracts/const_of_contract_call
   Compiling library std (test/src/e2e_vm_tests/reduced_std_libs/sway-lib-std-vec)
   Compiling contract const_of_contract_call (test/src/e2e_vm_tests/test_programs/should_pass/test_contracts/const_of_contract_call)
    Finished release [optimized + fuel] target(s) [608 B] in ???
     Running 1 test, filtered 0 tests

tested -- const_of_contract_call

      test isolated_cost_of_in_b256 ... ok (???, 1433 gas)

test result: OK. 1 passed; 0 failed; finished in ???

    Finished in ???

> Block: BOOL
> replace-file src/main.sw "fn cost_of_in" "fn isolated_cost_of_in"

> forc test --path test/src/e2e_vm_tests/test_programs/should_pass/test_contracts/const_of_contract_call --release
exit status: 0
output:
    Building test/src/e2e_vm_tests/test_programs/should_pass/test_contracts/const_of_contract_call
   Compiling library std (test/src/e2e_vm_tests/reduced_std_libs/sway-lib-std-vec)
   Compiling contract const_of_contract_call (test/src/e2e_vm_tests/test_programs/should_pass/test_contracts/const_of_contract_call)
    Finished release [optimized + fuel] target(s) [912 B] in ???
     Running 1 test, filtered 0 tests

tested -- const_of_contract_call

      test isolated_cost_of_in_bool ... ok (???, 1540 gas)

test result: OK. 1 passed; 0 failed; finished in ???

    Finished in ???

> Block: ENUM_U64
> replace-file src/main.sw "fn cost_of_in" "fn isolated_cost_of_in"

> forc test --path test/src/e2e_vm_tests/test_programs/should_pass/test_contracts/const_of_contract_call --release
exit status: 0
output:
    Building test/src/e2e_vm_tests/test_programs/should_pass/test_contracts/const_of_contract_call
   Compiling library std (test/src/e2e_vm_tests/reduced_std_libs/sway-lib-std-vec)
   Compiling contract const_of_contract_call (test/src/e2e_vm_tests/test_programs/should_pass/test_contracts/const_of_contract_call)
    Finished release [optimized + fuel] target(s) [664 B] in ???
     Running 1 test, filtered 0 tests

tested -- const_of_contract_call

      test in_enum_u64 ... ok (???, 1429 gas)

test result: OK. 1 passed; 0 failed; finished in ???

    Finished in ???

> Block: ENUM_U64_U64
> replace-file src/main.sw "fn cost_of_in" "fn isolated_cost_of_in"

> forc test --path test/src/e2e_vm_tests/test_programs/should_pass/test_contracts/const_of_contract_call --release
exit status: 0
output:
    Building test/src/e2e_vm_tests/test_programs/should_pass/test_contracts/const_of_contract_call
   Compiling library std (test/src/e2e_vm_tests/reduced_std_libs/sway-lib-std-vec)
   Compiling contract const_of_contract_call (test/src/e2e_vm_tests/test_programs/should_pass/test_contracts/const_of_contract_call)
    Finished release [optimized + fuel] target(s) [704 B] in ???
     Running 1 test, filtered 0 tests

tested -- const_of_contract_call

      test in_enum_u64_u64 ... ok (???, 1435 gas)

test result: OK. 1 passed; 0 failed; finished in ???

    Finished in ???

> Block: ENUM_U64_U64_U64
> replace-file src/main.sw "fn cost_of_in" "fn isolated_cost_of_in"

> forc test --path test/src/e2e_vm_tests/test_programs/should_pass/test_contracts/const_of_contract_call --release
exit status: 0
output:
    Building test/src/e2e_vm_tests/test_programs/should_pass/test_contracts/const_of_contract_call
   Compiling library std (test/src/e2e_vm_tests/reduced_std_libs/sway-lib-std-vec)
   Compiling contract const_of_contract_call (test/src/e2e_vm_tests/test_programs/should_pass/test_contracts/const_of_contract_call)
    Finished release [optimized + fuel] target(s) [768 B] in ???
     Running 1 test, filtered 0 tests

tested -- const_of_contract_call

      test in_enum_u64_u64_u64 ... ok (???, 1436 gas)

test result: OK. 1 passed; 0 failed; finished in ???

    Finished in ???

> Block: ORDER_ARGS_WITHOUT_TRIVIAL_ENUM
> replace-file src/main.sw "fn cost_of_in" "fn isolated_cost_of_in"

> forc test --path test/src/e2e_vm_tests/test_programs/should_pass/test_contracts/const_of_contract_call --release
exit status: 0
output:
    Building test/src/e2e_vm_tests/test_programs/should_pass/test_contracts/const_of_contract_call
   Compiling library std (test/src/e2e_vm_tests/reduced_std_libs/sway-lib-std-vec)
   Compiling contract const_of_contract_call (test/src/e2e_vm_tests/test_programs/should_pass/test_contracts/const_of_contract_call)
    Finished release [optimized + fuel] target(s) [1.992 KB] in ???
     Running 1 test, filtered 0 tests

tested -- const_of_contract_call

      test order_args_without_trivial_enum ... ok (???, 2822 gas)

test result: OK. 1 passed; 0 failed; finished in ???

    Finished in ???

> Block: ORDER_ARGS_WITH_TRIVIAL_ENUM
> replace-file src/main.sw "fn cost_of_in" "fn isolated_cost_of_in"

> forc test --path test/src/e2e_vm_tests/test_programs/should_pass/test_contracts/const_of_contract_call --release
exit status: 0
output:
    Building test/src/e2e_vm_tests/test_programs/should_pass/test_contracts/const_of_contract_call
   Compiling library std (test/src/e2e_vm_tests/reduced_std_libs/sway-lib-std-vec)
   Compiling contract const_of_contract_call (test/src/e2e_vm_tests/test_programs/should_pass/test_contracts/const_of_contract_call)
    Finished release [optimized + fuel] target(s) [2.288 KB] in ???
     Running 1 test, filtered 0 tests

tested -- const_of_contract_call

      test order_args_with_trivial_enum ... ok (???, 2982 gas)

test result: OK. 1 passed; 0 failed; finished in ???

    Finished in ???

> Block: STR0
> replace-file src/main.sw "fn cost_of_in" "fn isolated_cost_of_in"

> forc test --path test/src/e2e_vm_tests/test_programs/should_pass/test_contracts/const_of_contract_call --release
exit status: 0
output:
    Building test/src/e2e_vm_tests/test_programs/should_pass/test_contracts/const_of_contract_call
   Compiling library std (test/src/e2e_vm_tests/reduced_std_libs/sway-lib-std-vec)
   Compiling contract const_of_contract_call (test/src/e2e_vm_tests/test_programs/should_pass/test_contracts/const_of_contract_call)
    Finished release [optimized + fuel] target(s) [1.008 KB] in ???
     Running 1 test, filtered 0 tests

tested -- const_of_contract_call

      test isolated_cost_of_in_str_0 ... ok (???, 1694 gas)

test result: OK. 1 passed; 0 failed; finished in ???

    Finished in ???

> Block: STR1
> replace-file src/main.sw "fn cost_of_in" "fn isolated_cost_of_in"

> forc test --path test/src/e2e_vm_tests/test_programs/should_pass/test_contracts/const_of_contract_call --release
exit status: 0
output:
    Building test/src/e2e_vm_tests/test_programs/should_pass/test_contracts/const_of_contract_call
   Compiling library std (test/src/e2e_vm_tests/reduced_std_libs/sway-lib-std-vec)
   Compiling contract const_of_contract_call (test/src/e2e_vm_tests/test_programs/should_pass/test_contracts/const_of_contract_call)
    Finished release [optimized + fuel] target(s) [1.176 KB] in ???
     Running 1 test, filtered 0 tests

tested -- const_of_contract_call

      test isolated_cost_of_in_str_1 ... ok (???, 1813 gas)

test result: OK. 1 passed; 0 failed; finished in ???

    Finished in ???

> Block: STR16
> replace-file src/main.sw "fn cost_of_in" "fn isolated_cost_of_in"

> forc test --path test/src/e2e_vm_tests/test_programs/should_pass/test_contracts/const_of_contract_call --release
exit status: 0
output:
    Building test/src/e2e_vm_tests/test_programs/should_pass/test_contracts/const_of_contract_call
   Compiling library std (test/src/e2e_vm_tests/reduced_std_libs/sway-lib-std-vec)
   Compiling contract const_of_contract_call (test/src/e2e_vm_tests/test_programs/should_pass/test_contracts/const_of_contract_call)
    Finished release [optimized + fuel] target(s) [1.208 KB] in ???
     Running 1 test, filtered 0 tests

tested -- const_of_contract_call

      test isolated_cost_of_in_str_16 ... ok (???, 1820 gas)

test result: OK. 1 passed; 0 failed; finished in ???

    Finished in ???

> Block: STR32
> replace-file src/main.sw "fn cost_of_in" "fn isolated_cost_of_in"

> forc test --path test/src/e2e_vm_tests/test_programs/should_pass/test_contracts/const_of_contract_call --release
exit status: 0
output:
    Building test/src/e2e_vm_tests/test_programs/should_pass/test_contracts/const_of_contract_call
   Compiling library std (test/src/e2e_vm_tests/reduced_std_libs/sway-lib-std-vec)
   Compiling contract const_of_contract_call (test/src/e2e_vm_tests/test_programs/should_pass/test_contracts/const_of_contract_call)
    Finished release [optimized + fuel] target(s) [1.224 KB] in ???
     Running 1 test, filtered 0 tests

tested -- const_of_contract_call

      test isolated_cost_of_in_str_32 ... ok (???, 1826 gas)

test result: OK. 1 passed; 0 failed; finished in ???

    Finished in ???

> Block: STR8
> replace-file src/main.sw "fn cost_of_in" "fn isolated_cost_of_in"

> forc test --path test/src/e2e_vm_tests/test_programs/should_pass/test_contracts/const_of_contract_call --release
exit status: 0
output:
    Building test/src/e2e_vm_tests/test_programs/should_pass/test_contracts/const_of_contract_call
   Compiling library std (test/src/e2e_vm_tests/reduced_std_libs/sway-lib-std-vec)
   Compiling contract const_of_contract_call (test/src/e2e_vm_tests/test_programs/should_pass/test_contracts/const_of_contract_call)
    Finished release [optimized + fuel] target(s) [1.176 KB] in ???
     Running 1 test, filtered 0 tests

tested -- const_of_contract_call

      test isolated_cost_of_in_str_8 ... ok (???, 1817 gas)

test result: OK. 1 passed; 0 failed; finished in ???

    Finished in ???

> Block: STRUCT_U64
> replace-file src/main.sw "fn cost_of_in" "fn isolated_cost_of_in"

> forc test --path test/src/e2e_vm_tests/test_programs/should_pass/test_contracts/const_of_contract_call --release
exit status: 0
output:
    Building test/src/e2e_vm_tests/test_programs/should_pass/test_contracts/const_of_contract_call
   Compiling library std (test/src/e2e_vm_tests/reduced_std_libs/sway-lib-std-vec)
   Compiling contract const_of_contract_call (test/src/e2e_vm_tests/test_programs/should_pass/test_contracts/const_of_contract_call)
    Finished release [optimized + fuel] target(s) [624 B] in ???
     Running 1 test, filtered 0 tests

tested -- const_of_contract_call

      test in_struct_u64 ... ok (???, 1425 gas)

test result: OK. 1 passed; 0 failed; finished in ???

    Finished in ???

> Block: STRUCT_U64_U64
> replace-file src/main.sw "fn cost_of_in" "fn isolated_cost_of_in"

> forc test --path test/src/e2e_vm_tests/test_programs/should_pass/test_contracts/const_of_contract_call --release
exit status: 0
output:
    Building test/src/e2e_vm_tests/test_programs/should_pass/test_contracts/const_of_contract_call
   Compiling library std (test/src/e2e_vm_tests/reduced_std_libs/sway-lib-std-vec)
   Compiling contract const_of_contract_call (test/src/e2e_vm_tests/test_programs/should_pass/test_contracts/const_of_contract_call)
    Finished release [optimized + fuel] target(s) [656 B] in ???
     Running 1 test, filtered 0 tests

tested -- const_of_contract_call

      test in_struct_u64_u64 ... ok (???, 1438 gas)

test result: OK. 1 passed; 0 failed; finished in ???

    Finished in ???

> Block: STRUCT_U64_U64_U64
> replace-file src/main.sw "fn cost_of_in" "fn isolated_cost_of_in"

> forc test --path test/src/e2e_vm_tests/test_programs/should_pass/test_contracts/const_of_contract_call --release
exit status: 0
output:
    Building test/src/e2e_vm_tests/test_programs/should_pass/test_contracts/const_of_contract_call
   Compiling library std (test/src/e2e_vm_tests/reduced_std_libs/sway-lib-std-vec)
   Compiling contract const_of_contract_call (test/src/e2e_vm_tests/test_programs/should_pass/test_contracts/const_of_contract_call)
    Finished release [optimized + fuel] target(s) [656 B] in ???
     Running 1 test, filtered 0 tests

tested -- const_of_contract_call

      test in_struct_u64_u64_u64 ... ok (???, 1441 gas)

test result: OK. 1 passed; 0 failed; finished in ???

    Finished in ???

> Block: TUPLE0
> replace-file src/main.sw "fn cost_of_in" "fn isolated_cost_of_in"

> forc test --path test/src/e2e_vm_tests/test_programs/should_pass/test_contracts/const_of_contract_call --release
exit status: 0
output:
    Building test/src/e2e_vm_tests/test_programs/should_pass/test_contracts/const_of_contract_call
   Compiling library std (test/src/e2e_vm_tests/reduced_std_libs/sway-lib-std-vec)
   Compiling contract const_of_contract_call (test/src/e2e_vm_tests/test_programs/should_pass/test_contracts/const_of_contract_call)
    Finished release [optimized + fuel] target(s) [480 B] in ???
     Running 1 test, filtered 0 tests

tested -- const_of_contract_call

      test isolated_cost_of_in_tuple_0 ... ok (???, 1334 gas)

test result: OK. 1 passed; 0 failed; finished in ???

    Finished in ???

> Block: TUPLE1
> replace-file src/main.sw "fn cost_of_in" "fn isolated_cost_of_in"

> forc test --path test/src/e2e_vm_tests/test_programs/should_pass/test_contracts/const_of_contract_call --release
exit status: 0
output:
    Building test/src/e2e_vm_tests/test_programs/should_pass/test_contracts/const_of_contract_call
   Compiling library std (test/src/e2e_vm_tests/reduced_std_libs/sway-lib-std-vec)
   Compiling contract const_of_contract_call (test/src/e2e_vm_tests/test_programs/should_pass/test_contracts/const_of_contract_call)
    Finished release [optimized + fuel] target(s) [624 B] in ???
     Running 1 test, filtered 0 tests

tested -- const_of_contract_call

      test isolated_cost_of_in_tuple_1 ... ok (???, 1425 gas)

test result: OK. 1 passed; 0 failed; finished in ???

    Finished in ???

> Block: TUPLE2
> replace-file src/main.sw "fn cost_of_in" "fn isolated_cost_of_in"

> forc test --path test/src/e2e_vm_tests/test_programs/should_pass/test_contracts/const_of_contract_call --release
exit status: 0
output:
    Building test/src/e2e_vm_tests/test_programs/should_pass/test_contracts/const_of_contract_call
   Compiling library std (test/src/e2e_vm_tests/reduced_std_libs/sway-lib-std-vec)
   Compiling contract const_of_contract_call (test/src/e2e_vm_tests/test_programs/should_pass/test_contracts/const_of_contract_call)
    Finished release [optimized + fuel] target(s) [640 B] in ???
     Running 1 test, filtered 0 tests

tested -- const_of_contract_call

      test isolated_cost_of_in_tuple_2 ... ok (???, 1438 gas)

test result: OK. 1 passed; 0 failed; finished in ???

    Finished in ???

> Block: TUPLE3
> replace-file src/main.sw "fn cost_of_in" "fn isolated_cost_of_in"

> forc test --path test/src/e2e_vm_tests/test_programs/should_pass/test_contracts/const_of_contract_call --release
exit status: 0
output:
    Building test/src/e2e_vm_tests/test_programs/should_pass/test_contracts/const_of_contract_call
   Compiling library std (test/src/e2e_vm_tests/reduced_std_libs/sway-lib-std-vec)
   Compiling contract const_of_contract_call (test/src/e2e_vm_tests/test_programs/should_pass/test_contracts/const_of_contract_call)
    Finished release [optimized + fuel] target(s) [640 B] in ???
     Running 1 test, filtered 0 tests

tested -- const_of_contract_call

      test isolated_cost_of_in_tuple_3 ... ok (???, 1441 gas)

test result: OK. 1 passed; 0 failed; finished in ???

    Finished in ???

> Block: TUPLE4
> replace-file src/main.sw "fn cost_of_in" "fn isolated_cost_of_in"

> forc test --path test/src/e2e_vm_tests/test_programs/should_pass/test_contracts/const_of_contract_call --release
exit status: 0
output:
    Building test/src/e2e_vm_tests/test_programs/should_pass/test_contracts/const_of_contract_call
   Compiling library std (test/src/e2e_vm_tests/reduced_std_libs/sway-lib-std-vec)
   Compiling contract const_of_contract_call (test/src/e2e_vm_tests/test_programs/should_pass/test_contracts/const_of_contract_call)
    Finished release [optimized + fuel] target(s) [752 B] in ???
     Running 1 test, filtered 0 tests

tested -- const_of_contract_call

      test isolated_cost_of_in_tuple_4 ... ok (???, 1443 gas)

test result: OK. 1 passed; 0 failed; finished in ???

    Finished in ???

> Block: U16
> replace-file src/main.sw "fn cost_of_in" "fn isolated_cost_of_in"

> forc test --path test/src/e2e_vm_tests/test_programs/should_pass/test_contracts/const_of_contract_call --release
exit status: 0
output:
    Building test/src/e2e_vm_tests/test_programs/should_pass/test_contracts/const_of_contract_call
   Compiling library std (test/src/e2e_vm_tests/reduced_std_libs/sway-lib-std-vec)
   Compiling contract const_of_contract_call (test/src/e2e_vm_tests/test_programs/should_pass/test_contracts/const_of_contract_call)
    Finished release [optimized + fuel] target(s) [1.064 KB] in ???
     Running 1 test, filtered 0 tests

tested -- const_of_contract_call

      test isolated_cost_of_in_u16 ... ok (???, 1682 gas)

test result: OK. 1 passed; 0 failed; finished in ???

    Finished in ???

> Block: U256
> replace-file src/main.sw "fn cost_of_in" "fn isolated_cost_of_in"

> forc test --path test/src/e2e_vm_tests/test_programs/should_pass/test_contracts/const_of_contract_call --release
exit status: 0
output:
    Building test/src/e2e_vm_tests/test_programs/should_pass/test_contracts/const_of_contract_call
   Compiling library std (test/src/e2e_vm_tests/reduced_std_libs/sway-lib-std-vec)
   Compiling contract const_of_contract_call (test/src/e2e_vm_tests/test_programs/should_pass/test_contracts/const_of_contract_call)
    Finished release [optimized + fuel] target(s) [608 B] in ???
     Running 1 test, filtered 0 tests

tested -- const_of_contract_call

      test isolated_cost_of_in_u256 ... ok (???, 1433 gas)

test result: OK. 1 passed; 0 failed; finished in ???

    Finished in ???

> Block: U32
> replace-file src/main.sw "fn cost_of_in" "fn isolated_cost_of_in"

> forc test --path test/src/e2e_vm_tests/test_programs/should_pass/test_contracts/const_of_contract_call --release
exit status: 0
output:
    Building test/src/e2e_vm_tests/test_programs/should_pass/test_contracts/const_of_contract_call
   Compiling library std (test/src/e2e_vm_tests/reduced_std_libs/sway-lib-std-vec)
   Compiling contract const_of_contract_call (test/src/e2e_vm_tests/test_programs/should_pass/test_contracts/const_of_contract_call)
    Finished release [optimized + fuel] target(s) [1.152 KB] in ???
     Running 1 test, filtered 0 tests

tested -- const_of_contract_call

      test isolated_cost_of_in_u32 ... ok (???, 1749 gas)

test result: OK. 1 passed; 0 failed; finished in ???

    Finished in ???

> Block: U64
> replace-file src/main.sw "fn cost_of_in" "fn isolated_cost_of_in"

> forc test --path test/src/e2e_vm_tests/test_programs/should_pass/test_contracts/const_of_contract_call --release
exit status: 0
output:
    Building test/src/e2e_vm_tests/test_programs/should_pass/test_contracts/const_of_contract_call
   Compiling library std (test/src/e2e_vm_tests/reduced_std_libs/sway-lib-std-vec)
   Compiling contract const_of_contract_call (test/src/e2e_vm_tests/test_programs/should_pass/test_contracts/const_of_contract_call)
    Finished release [optimized + fuel] target(s) [504 B] in ???
     Running 1 test, filtered 0 tests

tested -- const_of_contract_call

      test isolated_cost_of_in_u64 ... ok (???, 1356 gas)

test result: OK. 1 passed; 0 failed; finished in ???

    Finished in ???

> Block: U8
> replace-file src/main.sw "fn cost_of_in" "fn isolated_cost_of_in"

> forc test --path test/src/e2e_vm_tests/test_programs/should_pass/test_contracts/const_of_contract_call --release
exit status: 0
output:
    Building test/src/e2e_vm_tests/test_programs/should_pass/test_contracts/const_of_contract_call
   Compiling library std (test/src/e2e_vm_tests/reduced_std_libs/sway-lib-std-vec)
   Compiling contract const_of_contract_call (test/src/e2e_vm_tests/test_programs/should_pass/test_contracts/const_of_contract_call)
    Finished release [optimized + fuel] target(s) [824 B] in ???
     Running 1 test, filtered 0 tests

tested -- const_of_contract_call

      test isolated_cost_of_in_u8 ... ok (???, 1521 gas)

test result: OK. 1 passed; 0 failed; finished in ???

    Finished in ???

> Block: VEC_NOT_TRIVIAL
> replace-file src/main.sw "fn cost_of_in" "fn isolated_cost_of_in"

> forc test --path test/src/e2e_vm_tests/test_programs/should_pass/test_contracts/const_of_contract_call --release
exit status: 0
output:
    Building test/src/e2e_vm_tests/test_programs/should_pass/test_contracts/const_of_contract_call
   Compiling library std (test/src/e2e_vm_tests/reduced_std_libs/sway-lib-std-vec)
   Compiling contract const_of_contract_call (test/src/e2e_vm_tests/test_programs/should_pass/test_contracts/const_of_contract_call)
    Finished release [optimized + fuel] target(s) [1.856 KB] in ???
     Running 1 test, filtered 0 tests

tested -- const_of_contract_call

      test in_vec_not_trivial ... ok (???, 4893 gas)

test result: OK. 1 passed; 0 failed; finished in ???

    Finished in ???

> Block: VEC_TRIVIAL
> replace-file src/main.sw "fn cost_of_in" "fn isolated_cost_of_in"

> forc test --path test/src/e2e_vm_tests/test_programs/should_pass/test_contracts/const_of_contract_call --release
exit status: 0
output:
    Building test/src/e2e_vm_tests/test_programs/should_pass/test_contracts/const_of_contract_call
   Compiling library std (test/src/e2e_vm_tests/reduced_std_libs/sway-lib-std-vec)
   Compiling contract const_of_contract_call (test/src/e2e_vm_tests/test_programs/should_pass/test_contracts/const_of_contract_call)
    Finished release [optimized + fuel] target(s) [1.736 KB] in ???
     Running 1 test, filtered 0 tests

tested -- const_of_contract_call

      test in_vec_trivial ... ok (???, 2473 gas)

test result: OK. 1 passed; 0 failed; finished in ???

    Finished in ???
