---
source: sway-ir/tests/tests.rs
---
Modified: true

script {
    fn two_blocks_four_instrs() -> bool {
        entry():
        v2v1 = const bool true
        br block(v2v1)

        block(mut v1v1: bool):
        v4v1 = const bool false
        v5v1 = cmp eq v1v1 v4v1
        v6v1 = cmp eq v4v1 v5v1
        ret bool v6v1
    }

    fn two_blocks_five_instrs() -> bool {
        entry():
        v9v1 = const bool true
        br block(v9v1)

        block(mut v8v1: bool):
        v11v1 = const bool false
        v12v1 = cmp eq v8v1 v11v1
        v13v1 = cmp eq v11v1 v12v1
        v14v1 = const bool true
        v15v1 = cmp eq v13v1 v14v1
        ret bool v15v1
    }

    fn three_blocks_four_instrs(b: bool) -> bool {
        entry(mut b: bool):
        v18v1 = const bool false
        v19v1 = cmp eq b v18v1
        cbr v19v1, then_block(), else_block()

        then_block():
        v21v1 = const bool false
        ret bool v21v1

        else_block():
        v23v1 = const bool true
        ret bool v23v1
    }

    fn three_blocks_five_instrs(b: bool) -> bool {
        entry(mut b: bool):
        v26v1 = const bool false
        v27v1 = cmp eq b v26v1
        v28v1 = cmp eq b v27v1
        cbr v28v1, then_block(), else_block()

        then_block():
        v30v1 = const bool false
        ret bool v30v1

        else_block():
        v32v1 = const bool true
        ret bool v32v1
    }

    fn main() -> bool {
        entry():
-         v34v1 = call two_blocks_four_instrs()
+         v2v1 = const bool true
+         br two_blocks_four_instrs_block(v2v1)
+ 
+         two_blocks_four_instrs_block(mut v34v3: bool):
+         v4v1 = const bool false
+         v41v1 = cmp eq v34v3 v4v1
+         v42v1 = cmp eq v4v1 v41v1
+         br block0(v42v1)
+ 
+         block0(mut v39v1: bool):
        v35v1 = call two_blocks_five_instrs()
        v36v1 = call three_blocks_four_instrs()
        v37v1 = call three_blocks_five_instrs()
        ret bool v37v1
    }
}
